// Jest Snapshot v1, https://goo.gl/fbAQLP

exports[`snapshot test correctly 1`] = `"<div>Instagram</div>"`;
